
> velvet-syndicate-backend@1.0.0 dev
> tsx watch server.ts

node:internal/modules/cjs/loader:1207
  const err = new Error(message);
              ^

Error: Cannot find module '../db'
Require stack:
- D:\Velvet\backend\src\services\auth.service.ts
- D:\Velvet\backend\src\routes\auth.ts
- D:\Velvet\backend\server.ts
    at Module._resolveFilename (node:internal/modules/cjs/loader:1207:15)
    at nextResolveSimple (D:\Velvet\backend\node_modules\tsx\dist\register-D46fvsV_.cjs:4:1004)
    at D:\Velvet\backend\node_modules\tsx\dist\register-D46fvsV_.cjs:3:2630
    at D:\Velvet\backend\node_modules\tsx\dist\register-D46fvsV_.cjs:3:1542
    at resolveTsPaths (D:\Velvet\backend\node_modules\tsx\dist\register-D46fvsV_.cjs:4:760)
    at D:\Velvet\backend\node_modules\tsx\dist\register-D46fvsV_.cjs:4:1102
    at m._resolveFilename (file:///D:/Velvet/backend/node_modules/tsx/dist/register-B7jrtLTO.mjs:1:789)
    at Module._load (node:internal/modules/cjs/loader:1038:27)
    at Module.require (node:internal/modules/cjs/loader:1289:19)
    at require (node:internal/modules/helpers:182:18) {
  code: 'MODULE_NOT_FOUND',
  requireStack: [
    'D:\\Velvet\\backend\\src\\services\\auth.service.ts',
    'D:\\Velvet\\backend\\src\\routes\\auth.ts',
    'D:\\Velvet\\backend\\server.ts'
  ]
}

Node.js v20.20.0
