
> velvet-syndicate-backend@1.0.0 dev
> tsx watch server.ts

◇ injected env (0) from .env.local // tip: ⌘ enable debugging { debug: true }
D:\Velvet\backend\src\lib\env.ts:19
export const env = envSchema.parse(process.env);
                             ^


ZodError: [
  {
    "expected": "string",
    "code": "invalid_type",
    "path": [
      "TURSO_DATABASE_URL"
    ],
    "message": "Invalid input: expected string, received undefined"
  },
  {
    "expected": "string",
    "code": "invalid_type",
    "path": [
      "TURSO_AUTH_TOKEN"
    ],
    "message": "Invalid input: expected string, received undefined"
  },
  {
    "expected": "string",
    "code": "invalid_type",
    "path": [
      "JWT_SECRET"
    ],
    "message": "Invalid input: expected string, received undefined"
  }
]
    at <anonymous> (D:\Velvet\backend\src\lib\env.ts:19:30)
    at Object.<anonymous> (D:\Velvet\backend\src\lib\env.ts:19:47)
    at Module._compile (node:internal/modules/cjs/loader:1521:14)
    at Object.transformer (D:\Velvet\backend\node_modules\tsx\dist\register-D46fvsV_.cjs:3:1104)
    at Module.load (node:internal/modules/cjs/loader:1266:32)
    at Module._load (node:internal/modules/cjs/loader:1091:12)
    at Module.require (node:internal/modules/cjs/loader:1289:19)
    at require (node:internal/modules/helpers:182:18)
    at <anonymous> (D:\Velvet\backend\src\lib\db.ts:3:21)
    at Object.<anonymous> (D:\Velvet\backend\src\lib\db.ts:11:45)

Node.js v20.20.0
